// Jest Snapshot v1, https://goo.gl/fbAQLP

exports[`<AccountDetailForm /> should match the snapshot 1`] = `null`;
